Waiting for job output...
25/12/03 04:23:43 INFO org.apache.spark.SparkEnv: Registering MapOutputTracker
25/12/03 04:23:43 INFO org.apache.spark.SparkEnv: Registering BlockManagerMaster
25/12/03 04:23:43 INFO org.apache.spark.SparkEnv: Registering BlockManagerMasterHeartbeat
25/12/03 04:23:43 INFO org.apache.spark.SparkEnv: Registering OutputCommitCoordinator
25/12/03 04:23:43 INFO org.sparkproject.jetty.util.log: Logging initialized @2954ms to org.sparkproject.jetty.util.log.Slf4jLog
25/12/03 04:23:43 INFO org.sparkproject.jetty.server.Server: jetty-9.4.40.v20210413; built: 2021-04-13T20:42:42.668Z; git: b881a572662e1943a14ae12e7e1207989f218b74; jvm 1.8.0_472-b08
25/12/03 04:23:43 INFO org.sparkproject.jetty.server.Server: Started @3046ms
25/12/03 04:23:43 INFO org.sparkproject.jetty.server.AbstractConnector: Started ServerConnector@4678efa2{HTTP/1.1, (http/1.1)}{0.0.0.0:39307}
25/12/03 04:23:44 INFO com.google.cloud.dataproc.DataprocSparkPlugin: Registered 128 driver metrics
25/12/03 04:23:45 INFO org.apache.hadoop.yarn.client.RMProxy: Connecting to ResourceManager at distributed-cluster-1-m/10.128.0.35:8032
25/12/03 04:23:45 INFO org.apache.hadoop.yarn.client.AHSProxy: Connecting to Application History server at distributed-cluster-1-m/10.128.0.35:10200
25/12/03 04:23:45 INFO org.apache.hadoop.conf.Configuration: resource-types.xml not found
25/12/03 04:23:45 INFO org.apache.hadoop.yarn.util.resource.ResourceUtils: Unable to find 'resource-types.xml'.
25/12/03 04:23:46 INFO org.apache.hadoop.yarn.client.api.impl.YarnClientImpl: Submitted application application_1764722415798_0034
25/12/03 04:23:47 INFO org.apache.hadoop.yarn.client.RMProxy: Connecting to ResourceManager at distributed-cluster-1-m/10.128.0.35:8030
25/12/03 04:23:48 INFO com.google.cloud.hadoop.repackaged.gcs.com.google.cloud.hadoop.gcsio.GoogleCloudStorageImpl: Ignoring exception of type GoogleJsonResponseException; verified object already exists with desired state.
Is local environment: False
Num CSV path: gs://msds-694-cohort-14-3/data/num_2020.csv
Pre CSV path: gs://msds-694-cohort-14-3/data/pre_2020.csv
Sub CSV path: gs://msds-694-cohort-14-3/data/sub_2020.csv
Tag CSV path: gs://msds-694-cohort-14-3/data/tag_2020.csv
Num RDD size: 11493263
Pre RDD size: 2746310
Sub RDD size: 24940
Tag RDD size: 298803
Job [1bde7405c70d4383bfb05f78c68751f2] finished successfully.
done: true
driverControlFilesUri: gs://dataproc-staging-us-central1-572818332776-elqgzrqg/google-cloud-dataproc-metainfo/3130ac0d-44cd-4f06-aced-4e41b8bb0472/jobs/1bde7405c70d4383bfb05f78c68751f2/
driverOutputResourceUri: gs://dataproc-staging-us-central1-572818332776-elqgzrqg/google-cloud-dataproc-metainfo/3130ac0d-44cd-4f06-aced-4e41b8bb0472/jobs/1bde7405c70d4383bfb05f78c68751f2/driveroutput
jobUuid: c6c47602-63a3-3957-aaa5-ef629bcbb9da
labels:
  notebook: boston
placement:
  clusterName: distributed-cluster-1
  clusterUuid: 3130ac0d-44cd-4f06-aced-4e41b8bb0472
pysparkJob:
  args:
  - --is-local
  - 'false'
  mainPythonFileUri: gs://msds-694-cohort-14-3/scripts/boston.py
reference:
  jobId: 1bde7405c70d4383bfb05f78c68751f2
  projectId: distributed-computing-478219
status:
  state: DONE
  stateStartTime: '2025-12-03T04:24:51.312647Z'
statusHistory:
- state: PENDING
  stateStartTime: '2025-12-03T04:23:38.925674Z'
- state: SETUP_DONE
  stateStartTime: '2025-12-03T04:23:38.942336Z'
- details: Agent reported job success
  state: RUNNING
  stateStartTime: '2025-12-03T04:23:39.130508Z'
yarnApplications:
- name: boston.py
  progress: 1.0
  state: FINISHED
  trackingUrl: http://distributed-cluster-1-m:8088/proxy/application_1764722415798_0034/
